// Jest Snapshot v1, https://goo.gl/fbAQLP

exports[`passes generally 1`] = `
Object {
  "rest": "PASS __tests__/manual-within.js
  describe
    âœ“ it",
  "summary": "Test Suites: 1 passed, 1 total
Tests:       1 passed, 1 total
Snapshots:   0 total
Time:        <<REPLACED>>
Ran all test suites matching /manual-within.js/i.",
}
`;
