// Jest Snapshot v1, https://goo.gl/fbAQLP

exports[`prints coverage 1`] = `
"  console.log
    42

      at Object.log (__tests__/Thing.test.js:10:9)

-----------------------------------|---------|----------|---------|---------|-------------------
File                               | % Stmts | % Branch | % Funcs | % Lines | Uncovered Line #s 
-----------------------------------|---------|----------|---------|---------|-------------------
All files                          |    3.75 |        0 |       0 |    3.75 |                   
 no-sourcemap                      |   33.33 |        0 |       0 |   33.33 |                   
  Thing.js                         |     100 |      100 |     100 |     100 |                   
  cssTransform.js                  |       0 |        0 |       0 |       0 | 1-11              
  package.json                     |       0 |        0 |       0 |       0 | 1-11              
  x.css                            |     100 |      100 |     100 |     100 |                   
 no-sourcemap/coverage             |       0 |        0 |       0 |       0 |                   
  coverage-final.json              |       0 |        0 |       0 |       0 | 1-9               
 no-sourcemap/coverage/lcov-report |       0 |        0 |       0 |       0 |                   
  block-navigation.js              |       0 |        0 |       0 |       0 | 1-79              
  prettify.js                      |       0 |        0 |       0 |       0 | 1-2               
  sorter.js                        |       0 |        0 |       0 |       0 | 1-170             
-----------------------------------|---------|----------|---------|---------|-------------------"
`;
